unparseable domain line: wpad :: rules/blacklist.txt
unparseable domain line: wpad :: rules/domain_blacklist.txt
unparseable URL (convert_unknown_url=false): .splash :: rules/url_blacklist.txt
unparseable URL (convert_unknown_url=false): .ads. :: rules/url_blacklist.txt
unparseable URL (convert_unknown_url=false): .ad. :: rules/url_blacklist.txt
unparseable URL (convert_unknown_url=false): .splash :: rules/url_blacklist_paths.txt
unparseable URL (convert_unknown_url=false): .ads. :: rules/url_blacklist_paths.txt
unparseable URL (convert_unknown_url=false): .ad. :: rules/url_blacklist_paths.txt
generic path rule without host (safe_mode): /ssaxcode :: rules/url_blacklist.txt
generic path rule without host (safe_mode): /obj/static/ad :: rules/url_blacklist.txt
generic path rule without host (safe_mode): /mtop.idle.idleadv.scene.restore :: rules/url_blacklist.txt
generic path rule without host (safe_mode): /app_ads :: rules/url_blacklist.txt
generic path rule without host (safe_mode): /splash :: rules/url_blacklist.txt
generic path rule without host (safe_mode): /splash_ad :: rules/url_blacklist.txt
generic path rule without host (safe_mode): /openscreen :: rules/url_blacklist.txt
generic path rule without host (safe_mode): /open_screen :: rules/url_blacklist.txt
generic path rule without host (safe_mode): /startup_ad :: rules/url_blacklist.txt
generic path rule without host (safe_mode): /launch_ad :: rules/url_blacklist.txt
generic path rule without host (safe_mode): /app_start/ad :: rules/url_blacklist.txt
generic path rule without host (safe_mode): /splash/show :: rules/url_blacklist.txt
generic path rule without host (safe_mode): /common/qryPopAds.do :: rules/url_blacklist.txt
generic path rule without host (safe_mode): /common/qryLaunchAds.do :: rules/url_blacklist.txt
generic path rule without host (safe_mode): /get_thridparity_open_ads :: rules/url_blacklist.txt
generic path rule without host (safe_mode): /mtop.fliggy.crm.screen.availablesplashstrategies :: rules/url_blacklist.txt
generic path rule without host (safe_mode): /api/ad :: rules/url_blacklist.txt
generic path rule without host (safe_mode): /api/ads :: rules/url_blacklist.txt
generic path rule without host (safe_mode): /api/v1/ad :: rules/url_blacklist.txt
generic path rule without host (safe_mode): /api/v2/ad :: rules/url_blacklist.txt
generic path rule without host (safe_mode): /api/v1/ads :: rules/url_blacklist.txt
generic path rule without host (safe_mode): /api/v2/ads :: rules/url_blacklist.txt
generic path rule without host (safe_mode): /advert :: rules/url_blacklist.txt
generic path rule without host (safe_mode): /advertisement :: rules/url_blacklist.txt
generic path rule without host (safe_mode): /ad/config :: rules/url_blacklist.txt
generic path rule without host (safe_mode): /ad/splash :: rules/url_blacklist.txt
generic path rule without host (safe_mode): /ad/banner :: rules/url_blacklist.txt
generic path rule without host (safe_mode): /ad/interstitial :: rules/url_blacklist.txt
generic path rule without host (safe_mode): /ad/rewarded :: rules/url_blacklist.txt
generic path rule without host (safe_mode): /ad/native :: rules/url_blacklist.txt
generic path rule without host (safe_mode): /luna/ads :: rules/url_blacklist.txt
generic path rule without host (safe_mode): /luna/media_ads :: rules/url_blacklist.txt
generic path rule without host (safe_mode): /luna/ad_splash :: rules/url_blacklist.txt
generic path rule without host (safe_mode): /service/2/ad :: rules/url_blacklist.txt
generic path rule without host (safe_mode): /service/ad :: rules/url_blacklist.txt
generic path rule without host (safe_mode): /api/ad/sdk :: rules/url_blacklist.txt
generic path rule without host (safe_mode): /api/pangolin :: rules/url_blacklist.txt
generic path rule without host (safe_mode): /push/ad :: rules/url_blacklist.txt
generic path rule without host (safe_mode): /recommend/ad :: rules/url_blacklist.txt
generic path rule without host (safe_mode): /feed/ad :: rules/url_blacklist.txt
generic path rule without host (safe_mode): /stream/ad :: rules/url_blacklist.txt
generic path rule without host (safe_mode): /gw/mtop.taobao.idlecommerce.splash :: rules/url_blacklist.txt
generic path rule without host (safe_mode): /gw/mtop.idle.idleadv :: rules/url_blacklist.txt
generic path rule without host (safe_mode): /api/ad/union/sdk/get_ads :: rules/url_blacklist.txt
generic path rule without host (safe_mode): /api/ad/union/sdk/stats :: rules/url_blacklist.txt
generic path rule without host (safe_mode): /api/ad/union/sdk/settings :: rules/url_blacklist.txt
generic path rule without host (safe_mode): /obj/ad-app-package :: rules/url_blacklist.txt
generic path rule without host (safe_mode): /obj/ad-pattern/renderer :: rules/url_blacklist.txt
generic path rule without host (safe_mode): /bytecom/resource/track_log :: rules/url_blacklist.txt
generic path rule without host (safe_mode): /video/play/1/toutiao :: rules/url_blacklist.txt
generic path rule without host (safe_mode): /src/server/v3/package :: rules/url_blacklist.txt
generic path rule without host (safe_mode): /obj/web.business.image :: rules/url_blacklist.txt
generic path rule without host (safe_mode): /img/web.business.image :: rules/url_blacklist.txt
generic path rule without host (safe_mode): /client/startpicture :: rules/url_blacklist.txt
generic path rule without host (safe_mode): /gw/mtop.taobao.wireless.home.splash :: rules/url_blacklist.txt
generic path rule without host (safe_mode): /gw/mtop.alimarket.splash :: rules/url_blacklist.txt
generic path rule without host (safe_mode): /gw/mtop.taobao.wireless.splash :: rules/url_blacklist.txt
generic path rule without host (safe_mode): /gw/mtop.taobao.mbact.splash :: rules/url_blacklist.txt
generic path rule without host (safe_mode): /gw/mtop.film.mtopadvert :: rules/url_blacklist.txt
generic path rule without host (safe_mode): /gw/mtop.alibaba.advertisementservice.getadv :: rules/url_blacklist.txt
generic path rule without host (safe_mode): /gw/mtop.alimusic.common.mobileservice.startinit :: rules/url_blacklist.txt
generic path rule without host (safe_mode): /gw/mtop.o2o.ad.gateway.get :: rules/url_blacklist.txt
generic path rule without host (safe_mode): /gw/mtop.taobao.idle.home.welcome :: rules/url_blacklist.txt
generic path rule without host (safe_mode): /gw/mtop.trip.activity.querytmsresources :: rules/url_blacklist.txt
generic path rule without host (safe_mode): /splashscreen/ :: rules/url_blacklist.txt
generic path rule without host (safe_mode): /opening_ad/ :: rules/url_blacklist.txt
generic path rule without host (safe_mode): /welcome_ad/ :: rules/url_blacklist.txt
generic path rule without host (safe_mode): /iflyad/deliverysystem/material/ :: rules/url_blacklist.txt
generic path rule without host (safe_mode): /ssaxcode :: rules/url_blacklist_paths.txt
generic path rule without host (safe_mode): /obj/static/ad :: rules/url_blacklist_paths.txt
generic path rule without host (safe_mode): /mtop.idle.idleadv.scene.restore :: rules/url_blacklist_paths.txt
generic path rule without host (safe_mode): /app_ads :: rules/url_blacklist_paths.txt
generic path rule without host (safe_mode): /splash :: rules/url_blacklist_paths.txt
generic path rule without host (safe_mode): /splash_ad :: rules/url_blacklist_paths.txt
generic path rule without host (safe_mode): /openscreen :: rules/url_blacklist_paths.txt
generic path rule without host (safe_mode): /open_screen :: rules/url_blacklist_paths.txt
generic path rule without host (safe_mode): /startup_ad :: rules/url_blacklist_paths.txt
generic path rule without host (safe_mode): /launch_ad :: rules/url_blacklist_paths.txt
generic path rule without host (safe_mode): /app_start/ad :: rules/url_blacklist_paths.txt
generic path rule without host (safe_mode): /splash/show :: rules/url_blacklist_paths.txt
generic path rule without host (safe_mode): /common/qryPopAds.do :: rules/url_blacklist_paths.txt
generic path rule without host (safe_mode): /common/qryLaunchAds.do :: rules/url_blacklist_paths.txt
generic path rule without host (safe_mode): /get_thridparity_open_ads :: rules/url_blacklist_paths.txt
generic path rule without host (safe_mode): /mtop.fliggy.crm.screen.availablesplashstrategies :: rules/url_blacklist_paths.txt
generic path rule without host (safe_mode): /api/ad :: rules/url_blacklist_paths.txt
generic path rule without host (safe_mode): /api/ads :: rules/url_blacklist_paths.txt
generic path rule without host (safe_mode): /api/v1/ad :: rules/url_blacklist_paths.txt
generic path rule without host (safe_mode): /api/v2/ad :: rules/url_blacklist_paths.txt
generic path rule without host (safe_mode): /api/v1/ads :: rules/url_blacklist_paths.txt
generic path rule without host (safe_mode): /api/v2/ads :: rules/url_blacklist_paths.txt
generic path rule without host (safe_mode): /advert :: rules/url_blacklist_paths.txt
generic path rule without host (safe_mode): /advertisement :: rules/url_blacklist_paths.txt
generic path rule without host (safe_mode): /ad/config :: rules/url_blacklist_paths.txt
generic path rule without host (safe_mode): /ad/splash :: rules/url_blacklist_paths.txt
generic path rule without host (safe_mode): /ad/banner :: rules/url_blacklist_paths.txt
generic path rule without host (safe_mode): /ad/interstitial :: rules/url_blacklist_paths.txt
generic path rule without host (safe_mode): /ad/rewarded :: rules/url_blacklist_paths.txt
generic path rule without host (safe_mode): /ad/native :: rules/url_blacklist_paths.txt
generic path rule without host (safe_mode): /luna/ads :: rules/url_blacklist_paths.txt
generic path rule without host (safe_mode): /luna/media_ads :: rules/url_blacklist_paths.txt
generic path rule without host (safe_mode): /luna/ad_splash :: rules/url_blacklist_paths.txt
generic path rule without host (safe_mode): /service/2/ad :: rules/url_blacklist_paths.txt
generic path rule without host (safe_mode): /service/ad :: rules/url_blacklist_paths.txt
generic path rule without host (safe_mode): /api/ad/sdk :: rules/url_blacklist_paths.txt
generic path rule without host (safe_mode): /api/pangolin :: rules/url_blacklist_paths.txt
generic path rule without host (safe_mode): /push/ad :: rules/url_blacklist_paths.txt
generic path rule without host (safe_mode): /recommend/ad :: rules/url_blacklist_paths.txt
generic path rule without host (safe_mode): /feed/ad :: rules/url_blacklist_paths.txt
generic path rule without host (safe_mode): /stream/ad :: rules/url_blacklist_paths.txt
generic path rule without host (safe_mode): /gw/mtop.taobao.idlecommerce.splash :: rules/url_blacklist_paths.txt
generic path rule without host (safe_mode): /gw/mtop.idle.idleadv :: rules/url_blacklist_paths.txt
generic path rule without host (safe_mode): /api/ad/union/sdk/get_ads :: rules/url_blacklist_paths.txt
generic path rule without host (safe_mode): /api/ad/union/sdk/stats :: rules/url_blacklist_paths.txt
generic path rule without host (safe_mode): /api/ad/union/sdk/settings :: rules/url_blacklist_paths.txt
generic path rule without host (safe_mode): /obj/ad-app-package :: rules/url_blacklist_paths.txt
generic path rule without host (safe_mode): /obj/ad-pattern/renderer :: rules/url_blacklist_paths.txt
generic path rule without host (safe_mode): /bytecom/resource/track_log :: rules/url_blacklist_paths.txt
generic path rule without host (safe_mode): /video/play/1/toutiao :: rules/url_blacklist_paths.txt
generic path rule without host (safe_mode): /src/server/v3/package :: rules/url_blacklist_paths.txt
generic path rule without host (safe_mode): /obj/web.business.image :: rules/url_blacklist_paths.txt
generic path rule without host (safe_mode): /img/web.business.image :: rules/url_blacklist_paths.txt
generic path rule without host (safe_mode): /client/startpicture :: rules/url_blacklist_paths.txt
generic path rule without host (safe_mode): /gw/mtop.taobao.wireless.home.splash :: rules/url_blacklist_paths.txt
generic path rule without host (safe_mode): /gw/mtop.alimarket.splash :: rules/url_blacklist_paths.txt
generic path rule without host (safe_mode): /gw/mtop.taobao.wireless.splash :: rules/url_blacklist_paths.txt
generic path rule without host (safe_mode): /gw/mtop.taobao.mbact.splash :: rules/url_blacklist_paths.txt
generic path rule without host (safe_mode): /gw/mtop.film.mtopadvert :: rules/url_blacklist_paths.txt
generic path rule without host (safe_mode): /gw/mtop.alibaba.advertisementservice.getadv :: rules/url_blacklist_paths.txt
generic path rule without host (safe_mode): /gw/mtop.alimusic.common.mobileservice.startinit :: rules/url_blacklist_paths.txt
generic path rule without host (safe_mode): /gw/mtop.o2o.ad.gateway.get :: rules/url_blacklist_paths.txt
generic path rule without host (safe_mode): /gw/mtop.taobao.idle.home.welcome :: rules/url_blacklist_paths.txt
generic path rule without host (safe_mode): /gw/mtop.trip.activity.querytmsresources :: rules/url_blacklist_paths.txt
generic path rule without host (safe_mode): /splashscreen/ :: rules/url_blacklist_paths.txt
generic path rule without host (safe_mode): /opening_ad/ :: rules/url_blacklist_paths.txt
generic path rule without host (safe_mode): /welcome_ad/ :: rules/url_blacklist_paths.txt
generic path rule without host (safe_mode): /iflyad/deliverysystem/material/ :: rules/url_blacklist_paths.txt
